apiVersion: v1
data:
  storageClassMap: ''
kind: ConfigMap
metadata:
  labels:
    chart: provisioner-2.3.4
    heritage: Helm
    release: local-volume-provisioner
  name: local-provisioner-config
  namespace: syn-storage-local-static
---
apiVersion: apps/v1
kind: DaemonSet
metadata:
  labels:
    app: local-volume-provisioner
    chart: provisioner-2.3.4
    heritage: Helm
    release: local-volume-provisioner
  name: local-volume-provisioner
  namespace: syn-storage-local-static
spec:
  selector:
    matchLabels:
      app: local-volume-provisioner
  template:
    metadata:
      labels:
        app: local-volume-provisioner
    spec:
      containers:
        - env:
            - name: MY_NODE_NAME
              valueFrom:
                fieldRef:
                  fieldPath: spec.nodeName
            - name: MY_NAMESPACE
              valueFrom:
                fieldRef:
                  fieldPath: metadata.namespace
            - name: JOB_CONTAINER_IMAGE
              value: quay.io/external_storage/local-volume-provisioner:v2.3.4
          image: quay.io/external_storage/local-volume-provisioner:v2.3.4
          name: provisioner
          securityContext:
            privileged: true
          volumeMounts:
            - mountPath: /etc/provisioner/config
              name: provisioner-config
              readOnly: true
            - mountPath: /dev
              name: provisioner-dev
      serviceAccountName: local-storage-admin
      volumes:
        - configMap:
            name: local-provisioner-config
          name: provisioner-config
        - hostPath:
            path: /dev
          name: provisioner-dev
