apiVersion: rbac.authorization.k8s.io/v1
kind: ClusterRole
metadata:
  labels:
    chart: provisioner-2.3.4
    heritage: Helm
    release: local-volume-provisioner
  name: local-storage-provisioner-node-clusterrole
rules:
  - apiGroups:
      - ''
    resources:
      - nodes
    verbs:
      - get
---
apiVersion: rbac.authorization.k8s.io/v1
kind: ClusterRoleBinding
metadata:
  labels:
    chart: provisioner-2.3.4
    heritage: Helm
    release: local-volume-provisioner
  name: local-storage-provisioner-pv-binding
roleRef:
  apiGroup: rbac.authorization.k8s.io
  kind: ClusterRole
  name: system:persistent-volume-provisioner
subjects:
  - kind: ServiceAccount
    name: local-storage-admin
    namespace: syn-storage-local-static
---
apiVersion: rbac.authorization.k8s.io/v1
kind: ClusterRoleBinding
metadata:
  labels:
    chart: provisioner-2.3.4
    heritage: Helm
    release: local-volume-provisioner
  name: local-storage-provisioner-node-binding
roleRef:
  apiGroup: rbac.authorization.k8s.io
  kind: ClusterRole
  name: local-storage-provisioner-node-clusterrole
subjects:
  - kind: ServiceAccount
    name: local-storage-admin
    namespace: syn-storage-local-static
