apiVersion: rbac.authorization.k8s.io/v1
kind: ClusterRole
metadata:
  labels:
    app.kubernetes.io/instance: local-volume-provisioner
    app.kubernetes.io/managed-by: Helm
    app.kubernetes.io/name: provisioner
    helm.sh/chart: provisioner-2.6.0-alpha.1
  name: local-volume-provisioner-node-clusterrole
rules:
  - apiGroups:
      - ''
    resources:
      - persistentvolumes
    verbs:
      - get
      - list
      - watch
      - create
      - delete
  - apiGroups:
      - storage.k8s.io
    resources:
      - storageclasses
    verbs:
      - get
      - list
      - watch
  - apiGroups:
      - ''
    resources:
      - events
    verbs:
      - watch
  - apiGroups:
      - ''
      - events.k8s.io
    resources:
      - events
    verbs:
      - create
      - update
      - patch
  - apiGroups:
      - ''
    resources:
      - nodes
    verbs:
      - get
---
apiVersion: rbac.authorization.k8s.io/v1
kind: ClusterRoleBinding
metadata:
  labels:
    app.kubernetes.io/instance: local-volume-provisioner
    app.kubernetes.io/managed-by: Helm
    app.kubernetes.io/name: provisioner
    helm.sh/chart: provisioner-2.6.0-alpha.1
  name: local-volume-provisioner-node-binding
roleRef:
  apiGroup: rbac.authorization.k8s.io
  kind: ClusterRole
  name: local-volume-provisioner-node-clusterrole
subjects:
  - kind: ServiceAccount
    name: local-volume-provisioner
    namespace: syn-storage-local-static
