apiVersion: v1
kind: Namespace
metadata:
  annotations:
    openshift.io/node-selector: ''
  labels:
    app.kubernetes.io/name: syn-storage-local-static
    name: syn-storage-local-static
    openshift.io/cluster-monitoring: 'true'
  name: syn-storage-local-static
