apiVersion: apps/v1
kind: DaemonSet
metadata:
  labels:
    app.kubernetes.io/instance: local-volume-provisioner
    app.kubernetes.io/managed-by: Helm
    app.kubernetes.io/name: local-static-provisioner
    helm.sh/chart: local-static-provisioner-1.0.0
  name: local-volume-provisioner-local-static-provisioner
  namespace: syn-storage-local-static
spec:
  selector:
    matchLabels:
      app.kubernetes.io/instance: local-volume-provisioner
      app.kubernetes.io/name: local-static-provisioner
  template:
    metadata:
      annotations:
        checksum/config: d5cc51490cc01ac84caa83af09f54d8e748cd4d027a1314886428ef690081860
      labels:
        app.kubernetes.io/instance: local-volume-provisioner
        app.kubernetes.io/name: local-static-provisioner
    spec:
      containers:
        - env:
            - name: MY_NODE_NAME
              valueFrom:
                fieldRef:
                  fieldPath: spec.nodeName
            - name: MY_NAMESPACE
              valueFrom:
                fieldRef:
                  fieldPath: metadata.namespace
            - name: JOB_CONTAINER_IMAGE
              value: registry.k8s.io/sig-storage/local-volume-provisioner:v2.6.0
          image: registry.k8s.io/sig-storage/local-volume-provisioner:v2.6.0
          name: provisioner
          ports:
            - containerPort: 8080
              name: metrics
          securityContext:
            privileged: true
          volumeMounts:
            - mountPath: /etc/provisioner/config
              name: provisioner-config
              readOnly: true
            - mountPath: /dev
              name: provisioner-dev
      nodeSelector:
        kubernetes.io/os: linux
      serviceAccountName: local-volume-provisioner-local-static-provisioner
      volumes:
        - configMap:
            name: local-volume-provisioner-local-static-provisioner-config
          name: provisioner-config
        - hostPath:
            path: /dev
          name: provisioner-dev
