apiVersion: v1
kind: ServiceAccount
metadata:
  labels:
    app.kubernetes.io/instance: local-volume-provisioner
    app.kubernetes.io/managed-by: Helm
    app.kubernetes.io/name: local-static-provisioner
    helm.sh/chart: local-static-provisioner-2.0.0
  name: local-volume-provisioner-local-static-provisioner
  namespace: syn-storage-local-static
