apiVersion: v1
data:
  storageClassMap: |
    ssd:
       hostDir: /var/lib/rancher/local-volume/ssd/
       mountDir: /var/lib/rancher/local-volume/ssd/
    ssd-retain:
       hostDir: /var/lib/rancher/local-volume/ssd-retain/
       mountDir: /var/lib/rancher/local-volume/ssd-retain/
kind: ConfigMap
metadata:
  labels:
    chart: provisioner-2.3.4
    heritage: Helm
    release: local-volume-provisioner
  name: local-provisioner-config
  namespace: localvolume-provisioner
---
apiVersion: apps/v1
kind: DaemonSet
metadata:
  labels:
    app: local-volume-provisioner
    chart: provisioner-2.3.4
    heritage: Helm
    release: local-volume-provisioner
  name: local-volume-provisioner
  namespace: localvolume-provisioner
spec:
  selector:
    matchLabels:
      app: local-volume-provisioner
  template:
    metadata:
      labels:
        app: local-volume-provisioner
    spec:
      containers:
        - env:
            - name: MY_NODE_NAME
              valueFrom:
                fieldRef:
                  fieldPath: spec.nodeName
            - name: MY_NAMESPACE
              valueFrom:
                fieldRef:
                  fieldPath: metadata.namespace
            - name: JOB_CONTAINER_IMAGE
              value: quay.io/external_storage/local-volume-provisioner:v2.3.4
          image: quay.io/external_storage/local-volume-provisioner:v2.3.4
          name: provisioner
          securityContext:
            privileged: true
          volumeMounts:
            - mountPath: /etc/provisioner/config
              name: provisioner-config
              readOnly: true
            - mountPath: /dev
              name: provisioner-dev
            - mountPath: /var/lib/rancher/local-volume/ssd/
              mountPropagation: HostToContainer
              name: ssd
            - mountPath: /var/lib/rancher/local-volume/ssd-retain/
              mountPropagation: HostToContainer
              name: ssd-retain
      serviceAccountName: local-storage-admin
      volumes:
        - configMap:
            name: local-provisioner-config
          name: provisioner-config
        - hostPath:
            path: /dev
          name: provisioner-dev
        - hostPath:
            path: /var/lib/rancher/local-volume/ssd/
          name: ssd
        - hostPath:
            path: /var/lib/rancher/local-volume/ssd-retain/
          name: ssd-retain
