apiVersion: v1
kind: ServiceAccount
metadata:
  labels:
    chart: provisioner-2.3.4
    heritage: Helm
    release: local-volume-provisioner
  name: local-storage-admin
  namespace: localvolume-provisioner
