apiVersion: v1
kind: ServiceAccount
metadata:
  labels:
    app.kubernetes.io/instance: local-volume-provisioner
    app.kubernetes.io/managed-by: Helm
    app.kubernetes.io/name: provisioner
    helm.sh/chart: provisioner-2.4.0
  name: local-volume-provisioner
  namespace: localvolume-provisioner
