apiVersion: v1
data:
  storageClassMap: |
    ssd:
      hostDir: /var/lib/rancher/local-volume/ssd/
      mountDir: /var/lib/rancher/local-volume/ssd/
    ssd-retain:
      hostDir: /var/lib/rancher/local-volume/ssd-retain/
      mountDir: /var/lib/rancher/local-volume/ssd-retain/
kind: ConfigMap
metadata:
  labels:
    app.kubernetes.io/instance: local-volume-provisioner
    app.kubernetes.io/managed-by: Helm
    app.kubernetes.io/name: local-static-provisioner
    helm.sh/chart: local-static-provisioner-2.0.0
  name: local-volume-provisioner-local-static-provisioner-config
  namespace: localvolume-provisioner
